﻿Compilaci├│n iniciada a las 19/07/2026 02:44:33 a. m..
     1>Proyecto "C:\Users\perez\OneDrive\Documentos\Desarrollo BioGuard\Api-BioGuard\BioGuard.Api\BioGuard.Api.sln" en el nodo 1 (Restore destinos).
     1>ValidateSolutionConfiguration:
         Compilando la configuraci├│n de soluciones "Debug|Any CPU".
       _GetAllRestoreProjectPathItems:
         Determinando los proyectos que se van a restaurar...
       Restore:
         La validaci├│n de la cadena de certificados X.509 utilizar├í el almac├®n de confianza predeterminado seleccionado por .NET para la firma de c├│digo.
         La validaci├│n de la cadena de certificados X.509 utilizar├í el almac├®n de confianza predeterminado seleccionado por .NET para la marca de tiempo.
         El archivo de recursos no ha cambiado, as├¡ que se omitir├í su escritura. Ruta de acceso: C:\Users\perez\OneDrive\Documentos\Desarrollo BioGuard\Api-BioGuard\BioGuard.Api\BioGuard.Api\obj\project.assets.json
         Se ha restaurado C:\Users\perez\OneDrive\Documentos\Desarrollo BioGuard\Api-BioGuard\BioGuard.Api\BioGuard.Api\BioGuard.Api.csproj (en 136 ms).
         Restaurando paquetes para C:\Users\perez\OneDrive\Documentos\Desarrollo BioGuard\Api-BioGuard\BioGuard.Api\Test1BioGuard\Test1BioGuard.csproj...
           GET https://api.nuget.org/v3-flatcontainer/microsoft.extensions.configuration.inmemory/index.json
           NotFound https://api.nuget.org/v3-flatcontainer/microsoft.extensions.configuration.inmemory/index.json 168 ms 
           CACHE https://api.nuget.org/v3-flatcontainer/microsoft.aspnetcore.authentication.jwtbearer/index.json
     1>C:\Users\perez\OneDrive\Documentos\Desarrollo BioGuard\Api-BioGuard\BioGuard.Api\Test1BioGuard\Test1BioGuard.csproj : error NU1101: No se encuentra el paquete Microsoft.Extensions.Configuration.InMemory. No existe ning├║n paquete con este id. en los or├¡genes: C:\Program Files\dotnet\library-packs, Microsoft Visual Studio Offline Packages, nuget.org [C:\Users\perez\OneDrive\Documentos\Desarrollo BioGuard\Api-BioGuard\BioGuard.Api\BioGuard.Api.sln]
           CACHE https://api.nuget.org/v3/vulnerabilities/index.json
           CACHE https://api.nuget.org/v3-vulnerabilities/2026.07.16.05.27.22/vulnerability.base.json
           CACHE https://api.nuget.org/v3-vulnerabilities/2026.07.16.05.27.22/2026.07.19.05.27.36/vulnerability.update.json
         El archivo de recursos no ha cambiado, as├¡ que se omitir├í su escritura. Ruta de acceso: C:\Users\perez\OneDrive\Documentos\Desarrollo BioGuard\Api-BioGuard\BioGuard.Api\Test1BioGuard\obj\project.assets.json
         No se pudo restaurar C:\Users\perez\OneDrive\Documentos\Desarrollo BioGuard\Api-BioGuard\BioGuard.Api\Test1BioGuard\Test1BioGuard.csproj (en 1.88 s).
         
         Archivos de NuGet Config usados:
             C:\Users\perez\AppData\Roaming\NuGet\NuGet.Config
             C:\Program Files (x86)\NuGet\Config\Microsoft.VisualStudio.FallbackLocation.config
             C:\Program Files (x86)\NuGet\Config\Microsoft.VisualStudio.Offline.config
         
         Fuentes usadas:
             https://api.nuget.org/v3/index.json
             C:\Program Files (x86)\Microsoft SDKs\NuGetPackages\
             C:\Program Files\dotnet\library-packs
         1 de 2┬áproyectos est├ín actualizados para la restauraci├│n.
     1>Compilaci├│n del proyecto terminada "C:\Users\perez\OneDrive\Documentos\Desarrollo BioGuard\Api-BioGuard\BioGuard.Api\BioGuard.Api.sln" (Restore destinos) -- ERROR.

ERROR al compilar.

       "C:\Users\perez\OneDrive\Documentos\Desarrollo BioGuard\Api-BioGuard\BioGuard.Api\BioGuard.Api.sln" (Restore destino) (1) ->
       (Restore destino) -> 
         C:\Users\perez\OneDrive\Documentos\Desarrollo BioGuard\Api-BioGuard\BioGuard.Api\Test1BioGuard\Test1BioGuard.csproj : error NU1101: No se encuentra el paquete Microsoft.Extensions.Configuration.InMemory. No existe ning├║n paquete con este id. en los or├¡genes: C:\Program Files\dotnet\library-packs, Microsoft Visual Studio Offline Packages, nuget.org [C:\Users\perez\OneDrive\Documentos\Desarrollo BioGuard\Api-BioGuard\BioGuard.Api\BioGuard.Api.sln]

    0 Advertencia(s)
    1 Errores

Tiempo transcurrido 00:00:04.28

Hay actualizaciones de carga de trabajo disponibles. Ejecute "dotnet workload list" para obtener m├ís informaci├│n.
